[preview.colorlib.com/theme/breed2/index.html]
[preview.colorlib.com/theme/breed2/img/favicon.png]
[backblue.gif]
[fade.gif]
[index.html]
[preview.colorlib.com/theme/breed2/css/bootstrap.css]
[preview.colorlib.com/theme/breed2/vendors/linericon/style.css]
[preview.colorlib.com/theme/breed2/css/themify-icons.css]
[preview.colorlib.com/theme/breed2/vendors/owl-carousel/owl.theme.default.min.css]
[preview.colorlib.com/theme/breed2/vendors/fontawesome/css/all.min.css]
[preview.colorlib.com/theme/breed2/vendors/owl-carousel/owl.carousel.min.css]
[preview.colorlib.com/theme/breed2/vendors/nice-select/css/nice-select.css]
[preview.colorlib.com/theme/breed2/css/style.css]
[preview.colorlib.com/theme/breed2/index-2.html]
[preview.colorlib.com/theme/breed2/img/logo.png]
[preview.colorlib.com/theme/breed2/img/logo2.png]
[preview.colorlib.com/theme/breed2/about.html]
[preview.colorlib.com/theme/breed2/portfolio.html]
[preview.colorlib.com/theme/breed2/services.html]
[preview.colorlib.com/theme/breed2/portfolio-details.html]
[preview.colorlib.com/theme/breed2/blog.html]
[preview.colorlib.com/theme/breed2/single-blog.html]
[preview.colorlib.com/theme/breed2/contact.html]
[preview.colorlib.com/theme/breed2/img/banner/home-right.png]
[preview.colorlib.com/theme/breed2/img/about-us.png]
[preview.colorlib.com/theme/breed2/img/services/s1.png]
[preview.colorlib.com/theme/breed2/img/services/s2.png]
[preview.colorlib.com/theme/breed2/img/services/s3.png]
[preview.colorlib.com/theme/breed2/img/testimonials/testimonial1.png]
[preview.colorlib.com/theme/breed2/img/portfolio/p1.jpg]
[preview.colorlib.com/theme/breed2/img/portfolio/p4.jpg]
[preview.colorlib.com/theme/breed2/img/portfolio/p2.jpg]
[preview.colorlib.com/theme/breed2/img/portfolio/p3.jpg]
[preview.colorlib.com/theme/breed2/img/portfolio/p6.jpg]
[preview.colorlib.com/theme/breed2/img/portfolio/p5.jpg]
[preview.colorlib.com/theme/breed2/img/b1.jpg]
[preview.colorlib.com/theme/breed2/img/b2.jpg]
[preview.colorlib.com/theme/breed2/img/b3.jpg]
[preview.colorlib.com/theme/breed2/img/brands/logo1.png]
[preview.colorlib.com/theme/breed2/img/brands/logo2.png]
[preview.colorlib.com/theme/breed2/img/brands/logo3.png]
[preview.colorlib.com/theme/breed2/img/brands/logo4.png]
[preview.colorlib.com/theme/breed2/img/brands/logo5.png]
[preview.colorlib.com/theme/breed2/js/jquery-3.2.1.min.js]
[preview.colorlib.com/theme/breed2/js/popper.js]
[preview.colorlib.com/theme/breed2/js/bootstrap.min.js]
[preview.colorlib.com/theme/breed2/js/stellar.js]
[preview.colorlib.com/theme/breed2/vendors/isotope/imagesloaded.pkgd.min.js]
[preview.colorlib.com/theme/breed2/vendors/isotope/isotope-min.js]
[preview.colorlib.com/theme/breed2/vendors/owl-carousel/owl.carousel.min.js]
[preview.colorlib.com/theme/breed2/js/jquery.ajaxchimp.min.js]
[preview.colorlib.com/theme/breed2/js/mail-script.js]
[preview.colorlib.com/theme/breed2/js/gmaps.min.js]
[preview.colorlib.com/theme/breed2/index.html]
[preview.colorlib.com/theme/breed2/css/bootstrap.css]
[preview.colorlib.com/theme/breed2/js/theme.js]
[preview.colorlib.com/theme/breed2/vendors/linericon/fonts/Linearicons-Free54e9.eot]
[preview.colorlib.com/theme/breed2/vendors/linericon/fonts/Linearicons-Freed41d.eot]
[preview.colorlib.com/theme/breed2/vendors/linericon/fonts/Linearicons-Free54e9.woff2]
[preview.colorlib.com/theme/breed2/vendors/linericon/fonts/Linearicons-Free54e9.woff]
[preview.colorlib.com/theme/breed2/vendors/linericon/fonts/Linearicons-Free54e9.ttf]
[preview.colorlib.com/theme/breed2/vendors/linericon/style.css]
[preview.colorlib.com/theme/breed2/vendors/linericon/fonts/Linearicons-Free54e9.svg]
[preview.colorlib.com/theme/breed2/fonts/themify9f24.eot]
[preview.colorlib.com/theme/breed2/fonts/themifyd41d.eot]
[preview.colorlib.com/theme/breed2/fonts/themify9f24.woff]
[preview.colorlib.com/theme/breed2/fonts/themify9f24.ttf]
[preview.colorlib.com/theme/breed2/css/themify-icons.css]
[preview.colorlib.com/theme/breed2/vendors/owl-carousel/owl.theme.default.min.css]
[preview.colorlib.com/theme/breed2/fonts/themify9f24.svg]
[preview.colorlib.com/theme/breed2/vendors/fontawesome/webfonts/fa-brands-400.eot]
[preview.colorlib.com/theme/breed2/vendors/fontawesome/webfonts/fa-brands-400d41d.eot]
[preview.colorlib.com/theme/breed2/vendors/fontawesome/webfonts/fa-brands-400.woff2]
[preview.colorlib.com/theme/breed2/vendors/fontawesome/webfonts/fa-brands-400.woff]
[preview.colorlib.com/theme/breed2/vendors/fontawesome/webfonts/fa-brands-400.ttf]
[preview.colorlib.com/theme/breed2/vendors/fontawesome/webfonts/fa-brands-400.svg]
[preview.colorlib.com/theme/breed2/vendors/fontawesome/webfonts/fa-regular-400.eot]
[preview.colorlib.com/theme/breed2/vendors/fontawesome/webfonts/fa-regular-400d41d.eot]
[preview.colorlib.com/theme/breed2/vendors/fontawesome/webfonts/fa-regular-400.woff2]
[preview.colorlib.com/theme/breed2/vendors/fontawesome/webfonts/fa-regular-400.woff]
[preview.colorlib.com/theme/breed2/vendors/fontawesome/webfonts/fa-regular-400.ttf]
[preview.colorlib.com/theme/breed2/vendors/fontawesome/webfonts/fa-regular-400.svg]
[preview.colorlib.com/theme/breed2/vendors/fontawesome/webfonts/fa-solid-900.eot]
[preview.colorlib.com/theme/breed2/vendors/fontawesome/webfonts/fa-solid-900d41d.eot]
[preview.colorlib.com/theme/breed2/vendors/fontawesome/webfonts/fa-solid-900.woff2]
[preview.colorlib.com/theme/breed2/vendors/fontawesome/webfonts/fa-solid-900.woff]
[preview.colorlib.com/theme/breed2/vendors/fontawesome/webfonts/fa-solid-900.ttf]
[preview.colorlib.com/theme/breed2/vendors/fontawesome/webfonts/fa-solid-900.svg]
[preview.colorlib.com/theme/breed2/vendors/fontawesome/css/all.min.css]
[preview.colorlib.com/theme/breed2/vendors/owl-carousel/owl.video.play.png]
[preview.colorlib.com/theme/breed2/vendors/owl-carousel/owl.carousel.min.css]
[preview.colorlib.com/theme/breed2/vendors/nice-select/css/nice-select.css]
[preview.colorlib.com/theme/breed2/img/banner/home-banner.png]
[preview.colorlib.com/theme/breed2/img/banner/common-banner.png]
[preview.colorlib.com/theme/breed2/img/elements/primary-check.png]
[preview.colorlib.com/theme/breed2/img/elements/success-check.png]
[preview.colorlib.com/theme/breed2/img/elements/disabled-check.png]
[preview.colorlib.com/theme/breed2/img/elements/primary-radio.png]
[preview.colorlib.com/theme/breed2/img/elements/success-radio.png]
[preview.colorlib.com/theme/breed2/img/elements/disabled-radio.png]
[preview.colorlib.com/theme/breed2/css/style.css]
[preview.colorlib.com/theme/breed2/img/testimonials/testimonial-bg.png]
[preview.colorlib.com/theme/breed2/index-2.html]
[preview.colorlib.com/theme/breed2/css/magnific-popup.css]
[preview.colorlib.com/theme/breed2/about.html]
[preview.colorlib.com/theme/breed2/portfolio.html]
[preview.colorlib.com/theme/breed2/services.html]
[preview.colorlib.com/theme/breed2/img/portfolio/portfolio-details.jpg]
[preview.colorlib.com/theme/breed2/portfolio-details.html]
[preview.colorlib.com/theme/breed2/img/blog/main-blog/m-blog-1.jpg]
[preview.colorlib.com/theme/breed2/img/blog/main-blog/m-blog-2.jpg]
[preview.colorlib.com/theme/breed2/img/blog/main-blog/m-blog-3.jpg]
[preview.colorlib.com/theme/breed2/img/blog/main-blog/m-blog-4.jpg]
[preview.colorlib.com/theme/breed2/img/blog/main-blog/m-blog-5.jpg]
[preview.colorlib.com/theme/breed2/img/blog/popular-post/post1.jpg]
[preview.colorlib.com/theme/breed2/img/blog/popular-post/post2.jpg]
[preview.colorlib.com/theme/breed2/img/blog/popular-post/post3.jpg]
[preview.colorlib.com/theme/breed2/img/blog/popular-post/post4.jpg]
[preview.colorlib.com/theme/breed2/img/instagram/widget-i1.png]
[preview.colorlib.com/theme/breed2/img/instagram/widget-i2.png]
[preview.colorlib.com/theme/breed2/img/instagram/widget-i3.png]
[preview.colorlib.com/theme/breed2/img/instagram/widget-i4.png]
[preview.colorlib.com/theme/breed2/img/instagram/widget-i5.png]
[preview.colorlib.com/theme/breed2/img/instagram/widget-i6.png]
[preview.colorlib.com/theme/breed2/blog.html]
[preview.colorlib.com/theme/breed2/img/blog/prev.jpg]
[preview.colorlib.com/theme/breed2/img/blog/next.jpg]
[preview.colorlib.com/theme/breed2/img/blog/author.png]
[preview.colorlib.com/theme/breed2/img/blog/c1.png]
[preview.colorlib.com/theme/breed2/img/blog/c2.png]
[preview.colorlib.com/theme/breed2/img/blog/c3.png]
[preview.colorlib.com/theme/breed2/single-blog.html]
[preview.colorlib.com/theme/breed2/contact.html]
[preview.colorlib.com/theme/breed2/vendors/linericon/fonts/Linearicons-Free54e9.svg]
[preview.colorlib.com/theme/breed2/fonts/themify9f24.svg]
[preview.colorlib.com/theme/breed2/vendors/fontawesome/webfonts/fa-brands-400.html]
[preview.colorlib.com/theme/breed2/vendors/fontawesome/webfonts/fa-regular-400.html]
[preview.colorlib.com/theme/breed2/vendors/fontawesome/webfonts/fa-solid-900.html]
[preview.colorlib.com/theme/breed2/vendors/owl-carousel/owl.video.play.html]
[preview.colorlib.com/theme/breed2/css/magnific-popup.css]
[preview.colorlib.com/cdn-cgi/scripts/5c5dd728/cloudflare-static/email-decode.min.js]
